Hello World

<script>window.dataLayer = window.dataLayer || [];</script>